C:/HeNhung/MyApplication/Core/Src/main.c:998:13:SPI5_Write	16	static
C:/HeNhung/MyApplication/Core/Src/main.c:155:10:ReadJoystickX	16	static
C:/HeNhung/MyApplication/Core/Src/main.c:163:10:ReadJoystickY	16	static
C:/HeNhung/MyApplication/Core/Src/main.c:1101:6:StartDefaultTask	32	static
C:/HeNhung/MyApplication/Core/Src/main.c:283:6:SystemClock_Config	96	static
C:/HeNhung/MyApplication/Core/Src/main.c:185:5:main	120	static
C:/HeNhung/MyApplication/Core/Src/main.c:854:6:IOE_Init	0	static
C:/HeNhung/MyApplication/Core/Src/main.c:862:6:IOE_ITConfig	0	static
C:/HeNhung/MyApplication/Core/Src/main.c:873:6:IOE_Write	32	static
C:/HeNhung/MyApplication/Core/Src/main.c:883:9:IOE_Read	32	static
C:/HeNhung/MyApplication/Core/Src/main.c:895:10:IOE_ReadMultiple	24	static
C:/HeNhung/MyApplication/Core/Src/main.c:904:6:IOE_Delay	0	static
C:/HeNhung/MyApplication/Core/Src/main.c:1020:6:LCD_IO_Init	8	static
C:/HeNhung/MyApplication/Core/Src/main.c:1029:6:LCD_IO_WriteData	16	static
C:/HeNhung/MyApplication/Core/Src/main.c:1044:6:LCD_IO_WriteReg	16	static
C:/HeNhung/MyApplication/Core/Src/main.c:1062:10:LCD_IO_ReadData	32	static
C:/HeNhung/MyApplication/Core/Src/main.c:1088:6:LCD_Delay	0	static
C:/HeNhung/MyApplication/Core/Src/main.c:1150:6:HAL_TIM_PeriodElapsedCallback	0	static
C:/HeNhung/MyApplication/Core/Src/main.c:1168:6:Error_Handler	0	static
