C:/HeNhung/MyApplication/Core/Src/main.c:924:13:SPI5_Write	16	static
C:/HeNhung/MyApplication/Core/Src/main.c:1027:6:StartDefaultTask	32	static
C:/HeNhung/MyApplication/Core/Src/main.c:260:6:SystemClock_Config	96	static
C:/HeNhung/MyApplication/Core/Src/main.c:164:5:main	120	static
C:/HeNhung/MyApplication/Core/Src/main.c:780:6:IOE_Init	0	static
C:/HeNhung/MyApplication/Core/Src/main.c:788:6:IOE_ITConfig	0	static
C:/HeNhung/MyApplication/Core/Src/main.c:799:6:IOE_Write	32	static
C:/HeNhung/MyApplication/Core/Src/main.c:809:9:IOE_Read	32	static
C:/HeNhung/MyApplication/Core/Src/main.c:821:10:IOE_ReadMultiple	24	static
C:/HeNhung/MyApplication/Core/Src/main.c:830:6:IOE_Delay	0	static
C:/HeNhung/MyApplication/Core/Src/main.c:946:6:LCD_IO_Init	8	static
C:/HeNhung/MyApplication/Core/Src/main.c:955:6:LCD_IO_WriteData	16	static
C:/HeNhung/MyApplication/Core/Src/main.c:970:6:LCD_IO_WriteReg	16	static
C:/HeNhung/MyApplication/Core/Src/main.c:988:10:LCD_IO_ReadData	32	static
C:/HeNhung/MyApplication/Core/Src/main.c:1014:6:LCD_Delay	0	static
C:/HeNhung/MyApplication/Core/Src/main.c:1116:6:HAL_TIM_PeriodElapsedCallback	0	static
C:/HeNhung/MyApplication/Core/Src/main.c:1134:6:Error_Handler	0	static
