C:/HeNhung/MyApplication/Core/Src/main.c:1007:13:SPI5_Write	16	static
C:/HeNhung/MyApplication/Core/Src/main.c:154:10:ReadJoystickX	16	static
C:/HeNhung/MyApplication/Core/Src/main.c:162:10:ReadJoystickY	16	static
C:/HeNhung/MyApplication/Core/Src/main.c:1110:6:StartDefaultTask	32	static
C:/HeNhung/MyApplication/Core/Src/main.c:282:6:SystemClock_Config	96	static
C:/HeNhung/MyApplication/Core/Src/main.c:184:5:main	120	static
C:/HeNhung/MyApplication/Core/Src/main.c:863:6:IOE_Init	0	static
C:/HeNhung/MyApplication/Core/Src/main.c:871:6:IOE_ITConfig	0	static
C:/HeNhung/MyApplication/Core/Src/main.c:882:6:IOE_Write	32	static
C:/HeNhung/MyApplication/Core/Src/main.c:892:9:IOE_Read	32	static
C:/HeNhung/MyApplication/Core/Src/main.c:904:10:IOE_ReadMultiple	24	static
C:/HeNhung/MyApplication/Core/Src/main.c:913:6:IOE_Delay	0	static
C:/HeNhung/MyApplication/Core/Src/main.c:1029:6:LCD_IO_Init	8	static
C:/HeNhung/MyApplication/Core/Src/main.c:1038:6:LCD_IO_WriteData	16	static
C:/HeNhung/MyApplication/Core/Src/main.c:1053:6:LCD_IO_WriteReg	16	static
C:/HeNhung/MyApplication/Core/Src/main.c:1071:10:LCD_IO_ReadData	32	static
C:/HeNhung/MyApplication/Core/Src/main.c:1097:6:LCD_Delay	0	static
C:/HeNhung/MyApplication/Core/Src/main.c:1159:6:HAL_TIM_PeriodElapsedCallback	0	static
C:/HeNhung/MyApplication/Core/Src/main.c:1177:6:Error_Handler	0	static
