../Application/User/src/Entity.cpp:17:1:Entity::~Entity()	0	static
../Application/User/src/Entity.cpp:21:6:virtual bool Entity::update()	0	static
../Application/User/src/Entity.cpp:17:1:virtual Entity::~Entity()	8	static
../Application/User/src/Entity.cpp:10:1:Entity::Entity()	0	static
../Application/User/src/Entity.cpp:26:6:void Entity::updateDisplayStatus(uint8_t)	0	static
../Application/User/src/Entity.cpp:29:6:void Entity::updateCoordinate(uint16_t, uint16_t)	0	static
../Application/User/src/Entity.cpp:34:6:void Entity::updateVelocity(uint16_t, uint16_t)	0	static
../Application/User/src/Entity.cpp:39:6:static bool Entity::isCollide(Entity&, Entity&)	12	static
